// Jest Snapshot v1, https://goo.gl/fbAQLP

exports[`ImagePreviewer renders correctly 1`] = `
<View>
  <View
    accessibilityComponentType={undefined}
    accessibilityLabel={undefined}
    accessibilityTraits={undefined}
    accessible={true}
    hitSlop={undefined}
    nativeID={undefined}
    onLayout={undefined}
    onResponderGrant={[Function]}
    onResponderMove={[Function]}
    onResponderRelease={[Function]}
    onResponderTerminate={[Function]}
    onResponderTerminationRequest={[Function]}
    onStartShouldSetResponder={[Function]}
    style={
      Object {
        "height": 180,
        "width": 300,
      }
    }
    testID={undefined}
  >
    <Image
      resizeMode="stretch"
      source={
        Object {
          "uri": "http://o7bkcj7d7.bkt.clouddn.com/2.png",
        }
      }
      style={
        Object {
          "flex": 1,
          "height": 180,
          "width": 300,
        }
      }
    />
  </View>
  <Modal
    animationType="fade"
    hardwareAccelerated={false}
    onRequestClose={[Function]}
    transparent={true}
    visible={false}
  >
    <View
      onMoveShouldSetResponder={[Function]}
      onMoveShouldSetResponderCapture={[Function]}
      onResponderEnd={[Function]}
      onResponderGrant={[Function]}
      onResponderMove={[Function]}
      onResponderReject={[Function]}
      onResponderRelease={[Function]}
      onResponderStart={[Function]}
      onResponderTerminate={[Function]}
      onResponderTerminationRequest={[Function]}
      onStartShouldSetResponder={[Function]}
      onStartShouldSetResponderCapture={[Function]}
      style={
        Object {
          "backgroundColor": "black",
          "bottom": 0,
          "left": 0,
          "position": "absolute",
          "right": 0,
          "top": 0,
        }
      }
    >
      <Image
        resizeMode="contain"
        source={
          Object {
            "uri": "http://o7bkcj7d7.bkt.clouddn.com/2.png",
          }
        }
        style={
          Object {
            "flex": 1,
            "height": "100%",
            "left": 0,
            "position": "absolute",
            "top": 0,
            "transform": Array [
              Object {
                "scale": 1,
              },
            ],
            "width": "100%",
          }
        }
      />
    </View>
  </Modal>
</View>
`;
